---
source: tests/snapshots.rs
assertion_line: 49
expression: tree_output

---
indexed_values:
  - 36274928315460412188069284198141364997
  - 215103718813010004654956601779520475383
  - 22478188785236298944170970701297377311
  - 195647075225527260902106751189006823002
  - 86515629977164392869540504672609367867
named_values:
  other: -38192509246567954873128963750427400811
  test: -59817770744161114347959521121728640040
  third: 86472022000924703857034003867630394339
digest_values:
  - 149458140645593290143826618353200868269
  - 155601600281510338788270257959324267917
  - 246090069266828579784718906083073021301
  - 241132696094157911869759285316147559367
  - 303549742601415815686664414070137607253
rng_output:
  - 231540612
  - 902183591
  - 994803927
  - 2009767279

